Analysis & Synthesis report for century_clock_top
Tue Aug 25 12:50:19 2026
Quartus II 64-Bit Version 13.0.1 Build 232 06/12/2013 Service Pack 1 SJ Web Edition


---------------------
; Table of Contents ;
---------------------
  1. Legal Notice
  2. Analysis & Synthesis Summary
  3. Analysis & Synthesis Settings
  4. Parallel Compilation
  5. Analysis & Synthesis Source Files Read
  6. Analysis & Synthesis Resource Usage Summary
  7. Analysis & Synthesis Resource Utilization by Entity
  8. Registers Removed During Synthesis
  9. General Register Statistics
 10. Inverted Register Statistics
 11. Multiplexer Restructuring Statistics (Restructuring Performed)
 12. Parameter Settings for User Entity Instance: debounce:debounce_mode
 13. Parameter Settings for User Entity Instance: debounce:debounce_inc
 14. Parameter Settings for User Entity Instance: debounce:debounce_dec
 15. Parameter Settings for User Entity Instance: debounce:debounce_rst_num
 16. Port Connectivity Checks: "display_control:inst_display|bin2bcd:bcd0"
 17. Port Connectivity Checks: "display_control:inst_display|bin2bcd:bcd1"
 18. Port Connectivity Checks: "display_control:inst_display|bin2bcd:bcd2"
 19. Port Connectivity Checks: "display_control:inst_display|bin2bcd:bcd3"
 20. Port Connectivity Checks: "time_core:time_inst|counter_60:inst_second"
 21. Elapsed Time Per Partition
 22. Analysis & Synthesis Messages
 23. Analysis & Synthesis Suppressed Messages



----------------
; Legal Notice ;
----------------
Copyright (C) 1991-2013 Altera Corporation
Your use of Altera Corporation's design tools, logic functions 
and other software and tools, and its AMPP partner logic 
functions, and any output files from any of the foregoing 
(including device programming or simulation files), and any 
associated documentation or information are expressly subject 
to the terms and conditions of the Altera Program License 
Subscription Agreement, Altera MegaCore Function License 
Agreement, or other applicable license agreement, including, 
without limitation, that your use is for the sole purpose of 
programming logic devices manufactured by Altera and sold by 
Altera or its authorized distributors.  Please refer to the 
applicable agreement for further details.



+--------------------------------------------------------------------------------------+
; Analysis & Synthesis Summary                                                         ;
+------------------------------------+-------------------------------------------------+
; Analysis & Synthesis Status        ; Successful - Tue Aug 25 12:50:19 2026           ;
; Quartus II 64-Bit Version          ; 13.0.1 Build 232 06/12/2013 SP 1 SJ Web Edition ;
; Revision Name                      ; century_clock_top                               ;
; Top-level Entity Name              ; century_clock_top                               ;
; Family                             ; Cyclone II                                      ;
; Total logic elements               ; 588                                             ;
;     Total combinational functions  ; 576                                             ;
;     Dedicated logic registers      ; 191                                             ;
; Total registers                    ; 191                                             ;
; Total pins                         ; 62                                              ;
; Total virtual pins                 ; 0                                               ;
; Total memory bits                  ; 0                                               ;
; Embedded Multiplier 9-bit elements ; 0                                               ;
; Total PLLs                         ; 0                                               ;
+------------------------------------+-------------------------------------------------+


+----------------------------------------------------------------------------------------------------------------------+
; Analysis & Synthesis Settings                                                                                        ;
+----------------------------------------------------------------------------+--------------------+--------------------+
; Option                                                                     ; Setting            ; Default Value      ;
+----------------------------------------------------------------------------+--------------------+--------------------+
; Device                                                                     ; EP2C35F672C6       ;                    ;
; Top-level entity name                                                      ; century_clock_top  ; century_clock_top  ;
; Family name                                                                ; Cyclone II         ; Cyclone IV GX      ;
; Use smart compilation                                                      ; Off                ; Off                ;
; Enable parallel Assembler and TimeQuest Timing Analyzer during compilation ; On                 ; On                 ;
; Enable compact report table                                                ; Off                ; Off                ;
; Restructure Multiplexers                                                   ; Auto               ; Auto               ;
; Create Debugging Nodes for IP Cores                                        ; Off                ; Off                ;
; Preserve fewer node names                                                  ; On                 ; On                 ;
; Disable OpenCore Plus hardware evaluation                                  ; Off                ; Off                ;
; Verilog Version                                                            ; Verilog_2001       ; Verilog_2001       ;
; VHDL Version                                                               ; VHDL_1993          ; VHDL_1993          ;
; State Machine Processing                                                   ; Auto               ; Auto               ;
; Safe State Machine                                                         ; Off                ; Off                ;
; Extract Verilog State Machines                                             ; On                 ; On                 ;
; Extract VHDL State Machines                                                ; On                 ; On                 ;
; Ignore Verilog initial constructs                                          ; Off                ; Off                ;
; Iteration limit for constant Verilog loops                                 ; 5000               ; 5000               ;
; Iteration limit for non-constant Verilog loops                             ; 250                ; 250                ;
; Add Pass-Through Logic to Inferred RAMs                                    ; On                 ; On                 ;
; Infer RAMs from Raw Logic                                                  ; On                 ; On                 ;
; Parallel Synthesis                                                         ; On                 ; On                 ;
; DSP Block Balancing                                                        ; Auto               ; Auto               ;
; NOT Gate Push-Back                                                         ; On                 ; On                 ;
; Power-Up Don't Care                                                        ; On                 ; On                 ;
; Remove Redundant Logic Cells                                               ; Off                ; Off                ;
; Remove Duplicate Registers                                                 ; On                 ; On                 ;
; Ignore CARRY Buffers                                                       ; Off                ; Off                ;
; Ignore CASCADE Buffers                                                     ; Off                ; Off                ;
; Ignore GLOBAL Buffers                                                      ; Off                ; Off                ;
; Ignore ROW GLOBAL Buffers                                                  ; Off                ; Off                ;
; Ignore LCELL Buffers                                                       ; Off                ; Off                ;
; Ignore SOFT Buffers                                                        ; On                 ; On                 ;
; Limit AHDL Integers to 32 Bits                                             ; Off                ; Off                ;
; Optimization Technique                                                     ; Balanced           ; Balanced           ;
; Carry Chain Length                                                         ; 70                 ; 70                 ;
; Auto Carry Chains                                                          ; On                 ; On                 ;
; Auto Open-Drain Pins                                                       ; On                 ; On                 ;
; Perform WYSIWYG Primitive Resynthesis                                      ; Off                ; Off                ;
; Auto ROM Replacement                                                       ; On                 ; On                 ;
; Auto RAM Replacement                                                       ; On                 ; On                 ;
; Auto Shift Register Replacement                                            ; Auto               ; Auto               ;
; Allow Shift Register Merging across Hierarchies                            ; Auto               ; Auto               ;
; Auto Clock Enable Replacement                                              ; On                 ; On                 ;
; Strict RAM Replacement                                                     ; Off                ; Off                ;
; Allow Synchronous Control Signals                                          ; On                 ; On                 ;
; Force Use of Synchronous Clear Signals                                     ; Off                ; Off                ;
; Auto RAM to Logic Cell Conversion                                          ; Off                ; Off                ;
; Auto Resource Sharing                                                      ; Off                ; Off                ;
; Allow Any RAM Size For Recognition                                         ; Off                ; Off                ;
; Allow Any ROM Size For Recognition                                         ; Off                ; Off                ;
; Allow Any Shift Register Size For Recognition                              ; Off                ; Off                ;
; Use LogicLock Constraints during Resource Balancing                        ; On                 ; On                 ;
; Ignore translate_off and synthesis_off directives                          ; Off                ; Off                ;
; Timing-Driven Synthesis                                                    ; Off                ; Off                ;
; Report Parameter Settings                                                  ; On                 ; On                 ;
; Report Source Assignments                                                  ; On                 ; On                 ;
; Report Connectivity Checks                                                 ; On                 ; On                 ;
; Ignore Maximum Fan-Out Assignments                                         ; Off                ; Off                ;
; Synchronization Register Chain Length                                      ; 2                  ; 2                  ;
; PowerPlay Power Optimization                                               ; Normal compilation ; Normal compilation ;
; HDL message level                                                          ; Level2             ; Level2             ;
; Suppress Register Optimization Related Messages                            ; Off                ; Off                ;
; Number of Removed Registers Reported in Synthesis Report                   ; 5000               ; 5000               ;
; Number of Swept Nodes Reported in Synthesis Report                         ; 5000               ; 5000               ;
; Number of Inverted Registers Reported in Synthesis Report                  ; 100                ; 100                ;
; Clock MUX Protection                                                       ; On                 ; On                 ;
; Auto Gated Clock Conversion                                                ; Off                ; Off                ;
; Block Design Naming                                                        ; Auto               ; Auto               ;
; SDC constraint protection                                                  ; Off                ; Off                ;
; Synthesis Effort                                                           ; Auto               ; Auto               ;
; Shift Register Replacement - Allow Asynchronous Clear Signal               ; On                 ; On                 ;
; Pre-Mapping Resynthesis Optimization                                       ; Off                ; Off                ;
; Analysis & Synthesis Message Level                                         ; Medium             ; Medium             ;
; Disable Register Merging Across Hierarchies                                ; Auto               ; Auto               ;
; Resource Aware Inference For Block RAM                                     ; On                 ; On                 ;
; Synthesis Seed                                                             ; 1                  ; 1                  ;
+----------------------------------------------------------------------------+--------------------+--------------------+


Parallel compilation was disabled, but you have multiple processors available. Enable parallel compilation to reduce compilation time.
+-------------------------------------+
; Parallel Compilation                ;
+----------------------------+--------+
; Processors                 ; Number ;
+----------------------------+--------+
; Number detected on machine ; 16     ;
; Maximum allowed            ; 1      ;
+----------------------------+--------+


+------------------------------------------------------------------------------------------------------------------------------------------------------------------+
; Analysis & Synthesis Source Files Read                                                                                                                           ;
+----------------------------------------+-----------------+------------------------+--------------------------------------------------------------------+---------+
; File Name with User-Entered Path       ; Used in Netlist ; File Type              ; File Name with Absolute Path                                       ; Library ;
+----------------------------------------+-----------------+------------------------+--------------------------------------------------------------------+---------+
; ../0_clock_system/tick_generator_1hz.v ; yes             ; User Verilog HDL File  ; D:/EDABK_Verilog/century_clock/0_clock_system/tick_generator_1hz.v ;         ;
; ../1_input_system/edge_detecter.v      ; yes             ; User Verilog HDL File  ; D:/EDABK_Verilog/century_clock/1_input_system/edge_detecter.v      ;         ;
; ../1_input_system/debounce.v           ; yes             ; User Verilog HDL File  ; D:/EDABK_Verilog/century_clock/1_input_system/debounce.v           ;         ;
; ../2_time_system/time_core.v           ; yes             ; User Verilog HDL File  ; D:/EDABK_Verilog/century_clock/2_time_system/time_core.v           ;         ;
; ../2_time_system/counter_60.v          ; yes             ; User Verilog HDL File  ; D:/EDABK_Verilog/century_clock/2_time_system/counter_60.v          ;         ;
; ../2_time_system/counter_24.v          ; yes             ; User Verilog HDL File  ; D:/EDABK_Verilog/century_clock/2_time_system/counter_24.v          ;         ;
; ../3_date_system/year_counter.v        ; yes             ; User Verilog HDL File  ; D:/EDABK_Verilog/century_clock/3_date_system/year_counter.v        ;         ;
; ../3_date_system/month_counter.v       ; yes             ; User Verilog HDL File  ; D:/EDABK_Verilog/century_clock/3_date_system/month_counter.v       ;         ;
; ../3_date_system/leap_year_check.v     ; yes             ; User Verilog HDL File  ; D:/EDABK_Verilog/century_clock/3_date_system/leap_year_check.v     ;         ;
; ../3_date_system/day_in_month.v        ; yes             ; User Verilog HDL File  ; D:/EDABK_Verilog/century_clock/3_date_system/day_in_month.v        ;         ;
; ../3_date_system/day_counter.v         ; yes             ; User Verilog HDL File  ; D:/EDABK_Verilog/century_clock/3_date_system/day_counter.v         ;         ;
; ../3_date_system/date_core.v           ; yes             ; User Verilog HDL File  ; D:/EDABK_Verilog/century_clock/3_date_system/date_core.v           ;         ;
; ../4_display_system/hex_to7seg.v       ; yes             ; User Verilog HDL File  ; D:/EDABK_Verilog/century_clock/4_display_system/hex_to7seg.v       ;         ;
; ../4_display_system/display_control.v  ; yes             ; User Verilog HDL File  ; D:/EDABK_Verilog/century_clock/4_display_system/display_control.v  ;         ;
; ../4_display_system/bin2bcd.v          ; yes             ; User Verilog HDL File  ; D:/EDABK_Verilog/century_clock/4_display_system/bin2bcd.v          ;         ;
; ../century_clock_top.v                 ; yes             ; User Verilog HDL File  ; D:/EDABK_Verilog/century_clock/century_clock_top.v                 ;         ;
; ../5_control_system/mode_control.v     ; yes             ; User Verilog HDL File  ; D:/EDABK_Verilog/century_clock/5_control_system/mode_control.v     ;         ;
+----------------------------------------+-----------------+------------------------+--------------------------------------------------------------------+---------+


+-------------------------------------------------------+
; Analysis & Synthesis Resource Usage Summary           ;
+---------------------------------------------+---------+
; Resource                                    ; Usage   ;
+---------------------------------------------+---------+
; Estimated Total logic elements              ; 588     ;
;                                             ;         ;
; Total combinational functions               ; 576     ;
; Logic element usage by number of LUT inputs ;         ;
;     -- 4 input functions                    ; 244     ;
;     -- 3 input functions                    ; 65      ;
;     -- <=2 input functions                  ; 267     ;
;                                             ;         ;
; Logic elements by mode                      ;         ;
;     -- normal mode                          ; 397     ;
;     -- arithmetic mode                      ; 179     ;
;                                             ;         ;
; Total registers                             ; 191     ;
;     -- Dedicated logic registers            ; 191     ;
;     -- I/O registers                        ; 0       ;
;                                             ;         ;
; I/O pins                                    ; 62      ;
; Embedded Multiplier 9-bit elements          ; 0       ;
; Maximum fan-out node                        ; clk_50M ;
; Maximum fan-out                             ; 191     ;
; Total fan-out                               ; 2475    ;
; Average fan-out                             ; 2.99    ;
+---------------------------------------------+---------+


+-------------------------------------------------------------------------------------------------------------------------------------------------------------------------------------------------------------------------------------+
; Analysis & Synthesis Resource Utilization by Entity                                                                                                                                                                                 ;
+-----------------------------------+-------------------+--------------+-------------+--------------+---------+-----------+------+--------------+----------------------------------------------------------------------+--------------+
; Compilation Hierarchy Node        ; LC Combinationals ; LC Registers ; Memory Bits ; DSP Elements ; DSP 9x9 ; DSP 18x18 ; Pins ; Virtual Pins ; Full Hierarchy Name                                                  ; Library Name ;
+-----------------------------------+-------------------+--------------+-------------+--------------+---------+-----------+------+--------------+----------------------------------------------------------------------+--------------+
; |century_clock_top                ; 576 (0)           ; 191 (0)      ; 0           ; 0            ; 0       ; 0         ; 62   ; 0            ; |century_clock_top                                                   ; work         ;
;    |date_core:date_inst|          ; 119 (1)           ; 23 (0)       ; 0           ; 0            ; 0       ; 0         ; 0    ; 0            ; |century_clock_top|date_core:date_inst                               ; work         ;
;       |day_counter:inst_day|      ; 32 (32)           ; 5 (5)        ; 0           ; 0            ; 0       ; 0         ; 0    ; 0            ; |century_clock_top|date_core:date_inst|day_counter:inst_day          ; work         ;
;       |day_in_month:dim|          ; 7 (7)             ; 0 (0)        ; 0           ; 0            ; 0       ; 0         ; 0    ; 0            ; |century_clock_top|date_core:date_inst|day_in_month:dim              ; work         ;
;       |leap_year_check:leap_year| ; 2 (2)             ; 0 (0)        ; 0           ; 0            ; 0       ; 0         ; 0    ; 0            ; |century_clock_top|date_core:date_inst|leap_year_check:leap_year     ; work         ;
;       |month_counter:inst_month|  ; 15 (15)           ; 4 (4)        ; 0           ; 0            ; 0       ; 0         ; 0    ; 0            ; |century_clock_top|date_core:date_inst|month_counter:inst_month      ; work         ;
;       |year_counter:inst_year|    ; 62 (62)           ; 14 (14)      ; 0           ; 0            ; 0       ; 0         ; 0    ; 0            ; |century_clock_top|date_core:date_inst|year_counter:inst_year        ; work         ;
;    |debounce:debounce_dec|        ; 26 (26)           ; 23 (23)      ; 0           ; 0            ; 0       ; 0         ; 0    ; 0            ; |century_clock_top|debounce:debounce_dec                             ; work         ;
;    |debounce:debounce_inc|        ; 26 (26)           ; 23 (23)      ; 0           ; 0            ; 0       ; 0         ; 0    ; 0            ; |century_clock_top|debounce:debounce_inc                             ; work         ;
;    |debounce:debounce_mode|       ; 26 (26)           ; 23 (23)      ; 0           ; 0            ; 0       ; 0         ; 0    ; 0            ; |century_clock_top|debounce:debounce_mode                            ; work         ;
;    |debounce:debounce_rst_num|    ; 26 (26)           ; 23 (23)      ; 0           ; 0            ; 0       ; 0         ; 0    ; 0            ; |century_clock_top|debounce:debounce_rst_num                         ; work         ;
;    |display_control:inst_display| ; 186 (26)          ; 1 (1)        ; 0           ; 0            ; 0       ; 0         ; 0    ; 0            ; |century_clock_top|display_control:inst_display                      ; work         ;
;       |bin2bcd:bcd0|              ; 17 (17)           ; 0 (0)        ; 0           ; 0            ; 0       ; 0         ; 0    ; 0            ; |century_clock_top|display_control:inst_display|bin2bcd:bcd0         ; work         ;
;       |bin2bcd:bcd1|              ; 23 (23)           ; 0 (0)        ; 0           ; 0            ; 0       ; 0         ; 0    ; 0            ; |century_clock_top|display_control:inst_display|bin2bcd:bcd1         ; work         ;
;       |bin2bcd:bcd2|              ; 16 (16)           ; 0 (0)        ; 0           ; 0            ; 0       ; 0         ; 0    ; 0            ; |century_clock_top|display_control:inst_display|bin2bcd:bcd2         ; work         ;
;       |bin2bcd:bcd3|              ; 11 (11)           ; 0 (0)        ; 0           ; 0            ; 0       ; 0         ; 0    ; 0            ; |century_clock_top|display_control:inst_display|bin2bcd:bcd3         ; work         ;
;       |hex_to7seg:inst_hex0|      ; 14 (14)           ; 0 (0)        ; 0           ; 0            ; 0       ; 0         ; 0    ; 0            ; |century_clock_top|display_control:inst_display|hex_to7seg:inst_hex0 ; work         ;
;       |hex_to7seg:inst_hex1|      ; 12 (12)           ; 0 (0)        ; 0           ; 0            ; 0       ; 0         ; 0    ; 0            ; |century_clock_top|display_control:inst_display|hex_to7seg:inst_hex1 ; work         ;
;       |hex_to7seg:inst_hex2|      ; 14 (14)           ; 0 (0)        ; 0           ; 0            ; 0       ; 0         ; 0    ; 0            ; |century_clock_top|display_control:inst_display|hex_to7seg:inst_hex2 ; work         ;
;       |hex_to7seg:inst_hex3|      ; 12 (12)           ; 0 (0)        ; 0           ; 0            ; 0       ; 0         ; 0    ; 0            ; |century_clock_top|display_control:inst_display|hex_to7seg:inst_hex3 ; work         ;
;       |hex_to7seg:inst_hex4|      ; 14 (14)           ; 0 (0)        ; 0           ; 0            ; 0       ; 0         ; 0    ; 0            ; |century_clock_top|display_control:inst_display|hex_to7seg:inst_hex4 ; work         ;
;       |hex_to7seg:inst_hex5|      ; 7 (7)             ; 0 (0)        ; 0           ; 0            ; 0       ; 0         ; 0    ; 0            ; |century_clock_top|display_control:inst_display|hex_to7seg:inst_hex5 ; work         ;
;       |hex_to7seg:inst_hex6|      ; 14 (14)           ; 0 (0)        ; 0           ; 0            ; 0       ; 0         ; 0    ; 0            ; |century_clock_top|display_control:inst_display|hex_to7seg:inst_hex6 ; work         ;
;       |hex_to7seg:inst_hex7|      ; 6 (6)             ; 0 (0)        ; 0           ; 0            ; 0       ; 0         ; 0    ; 0            ; |century_clock_top|display_control:inst_display|hex_to7seg:inst_hex7 ; work         ;
;    |edge_detector:ed_dec|         ; 0 (0)             ; 1 (1)        ; 0           ; 0            ; 0       ; 0         ; 0    ; 0            ; |century_clock_top|edge_detector:ed_dec                              ; work         ;
;    |edge_detector:ed_inc|         ; 1 (1)             ; 1 (1)        ; 0           ; 0            ; 0       ; 0         ; 0    ; 0            ; |century_clock_top|edge_detector:ed_inc                              ; work         ;
;    |edge_detector:ed_mode|        ; 0 (0)             ; 1 (1)        ; 0           ; 0            ; 0       ; 0         ; 0    ; 0            ; |century_clock_top|edge_detector:ed_mode                             ; work         ;
;    |edge_detector:ed_rst_num|     ; 1 (1)             ; 1 (1)        ; 0           ; 0            ; 0       ; 0         ; 0    ; 0            ; |century_clock_top|edge_detector:ed_rst_num                          ; work         ;
;    |mode_control:mode_fsm|        ; 9 (9)             ; 3 (3)        ; 0           ; 0            ; 0       ; 0         ; 0    ; 0            ; |century_clock_top|mode_control:mode_fsm                             ; work         ;
;    |tick_generator_1hz:tick_gen|  ; 92 (92)           ; 51 (51)      ; 0           ; 0            ; 0       ; 0         ; 0    ; 0            ; |century_clock_top|tick_generator_1hz:tick_gen                       ; work         ;
;    |time_core:time_inst|          ; 64 (0)            ; 17 (0)       ; 0           ; 0            ; 0       ; 0         ; 0    ; 0            ; |century_clock_top|time_core:time_inst                               ; work         ;
;       |counter_24:inst_hour|      ; 27 (27)           ; 5 (5)        ; 0           ; 0            ; 0       ; 0         ; 0    ; 0            ; |century_clock_top|time_core:time_inst|counter_24:inst_hour          ; work         ;
;       |counter_60:inst_minute|    ; 26 (26)           ; 6 (6)        ; 0           ; 0            ; 0       ; 0         ; 0    ; 0            ; |century_clock_top|time_core:time_inst|counter_60:inst_minute        ; work         ;
;       |counter_60:inst_second|    ; 11 (11)           ; 6 (6)        ; 0           ; 0            ; 0       ; 0         ; 0    ; 0            ; |century_clock_top|time_core:time_inst|counter_60:inst_second        ; work         ;
+-----------------------------------+-------------------+--------------+-------------+--------------+---------+-----------+------+--------------+----------------------------------------------------------------------+--------------+
Note: For table entries with two numbers listed, the numbers in parentheses indicate the number of resources of the given type used by the specific entity alone. The numbers listed outside of parentheses indicate the total resources of the given type used by the specific entity and all of its sub-entities in the hierarchy.


+---------------------------------------------------------------------------------------------------------+
; Registers Removed During Synthesis                                                                      ;
+----------------------------------------------+----------------------------------------------------------+
; Register name                                ; Reason for Removal                                       ;
+----------------------------------------------+----------------------------------------------------------+
; tick_generator_1hz:tick_gen|counter_value[0] ; Merged with tick_generator_1hz:tick_gen|blink_counter[0] ;
; tick_generator_1hz:tick_gen|counter_value[1] ; Merged with tick_generator_1hz:tick_gen|blink_counter[1] ;
; Total Number of Removed Registers = 2        ;                                                          ;
+----------------------------------------------+----------------------------------------------------------+


+------------------------------------------------------+
; General Register Statistics                          ;
+----------------------------------------------+-------+
; Statistic                                    ; Value ;
+----------------------------------------------+-------+
; Total registers                              ; 191   ;
; Number of registers using Synchronous Clear  ; 89    ;
; Number of registers using Synchronous Load   ; 15    ;
; Number of registers using Asynchronous Clear ; 191   ;
; Number of registers using Asynchronous Load  ; 0     ;
; Number of registers using Clock Enable       ; 39    ;
; Number of registers using Preset             ; 0     ;
+----------------------------------------------+-------+


+-----------------------------------------------------------------+
; Inverted Register Statistics                                    ;
+-------------------------------------------------------+---------+
; Inverted Register                                     ; Fan out ;
+-------------------------------------------------------+---------+
; date_core:date_inst|year_counter:inst_year|century[4] ; 10      ;
; date_core:date_inst|year_counter:inst_year|century[2] ; 5       ;
; date_core:date_inst|day_counter:inst_day|day[0]       ; 5       ;
; date_core:date_inst|month_counter:inst_month|month[0] ; 11      ;
; Total number of inverted registers = 4                ;         ;
+-------------------------------------------------------+---------+


+----------------------------------------------------------------------------------------------------------------------------------------------------------------------------------------+
; Multiplexer Restructuring Statistics (Restructuring Performed)                                                                                                                         ;
+--------------------+-----------+---------------+----------------------+------------------------+------------+--------------------------------------------------------------------------+
; Multiplexer Inputs ; Bus Width ; Baseline Area ; Area if Restructured ; Saving if Restructured ; Registered ; Example Multiplexer Output                                               ;
+--------------------+-----------+---------------+----------------------+------------------------+------------+--------------------------------------------------------------------------+
; 3:1                ; 20 bits   ; 40 LEs        ; 20 LEs               ; 20 LEs                 ; Yes        ; |century_clock_top|debounce:debounce_dec|counter[9]                      ;
; 3:1                ; 20 bits   ; 40 LEs        ; 20 LEs               ; 20 LEs                 ; Yes        ; |century_clock_top|debounce:debounce_inc|counter[10]                     ;
; 3:1                ; 20 bits   ; 40 LEs        ; 20 LEs               ; 20 LEs                 ; Yes        ; |century_clock_top|debounce:debounce_rst_num|counter[12]                 ;
; 3:1                ; 20 bits   ; 40 LEs        ; 20 LEs               ; 20 LEs                 ; Yes        ; |century_clock_top|debounce:debounce_mode|counter[3]                     ;
; 5:1                ; 6 bits    ; 18 LEs        ; 6 LEs                ; 12 LEs                 ; Yes        ; |century_clock_top|time_core:time_inst|counter_60:inst_second|val[0]     ;
; 7:1                ; 5 bits    ; 20 LEs        ; 15 LEs               ; 5 LEs                  ; Yes        ; |century_clock_top|time_core:time_inst|counter_24:inst_hour|hour[2]      ;
; 7:1                ; 6 bits    ; 24 LEs        ; 18 LEs               ; 6 LEs                  ; Yes        ; |century_clock_top|time_core:time_inst|counter_60:inst_minute|val[0]     ;
; 7:1                ; 3 bits    ; 12 LEs        ; 9 LEs                ; 3 LEs                  ; Yes        ; |century_clock_top|date_core:date_inst|month_counter:inst_month|month[1] ;
; 7:1                ; 3 bits    ; 12 LEs        ; 9 LEs                ; 3 LEs                  ; Yes        ; |century_clock_top|date_core:date_inst|day_counter:inst_day|day[3]       ;
; 10:1               ; 7 bits    ; 42 LEs        ; 28 LEs               ; 14 LEs                 ; Yes        ; |century_clock_top|date_core:date_inst|year_counter:inst_year|year[0]    ;
; 11:1               ; 5 bits    ; 35 LEs        ; 20 LEs               ; 15 LEs                 ; Yes        ; |century_clock_top|date_core:date_inst|year_counter:inst_year|century[1] ;
; 11:1               ; 2 bits    ; 14 LEs        ; 4 LEs                ; 10 LEs                 ; Yes        ; |century_clock_top|date_core:date_inst|year_counter:inst_year|century[2] ;
+--------------------+-----------+---------------+----------------------+------------------------+------------+--------------------------------------------------------------------------+


+---------------------------------------------------------------------+
; Parameter Settings for User Entity Instance: debounce:debounce_mode ;
+------------------+----------+---------------------------------------+
; Parameter Name   ; Value    ; Type                                  ;
+------------------+----------+---------------------------------------+
; CLK_FREQ         ; 50000000 ; Signed Integer                        ;
; DEBOUNCE_TIME_MS ; 20       ; Signed Integer                        ;
+------------------+----------+---------------------------------------+
Note: In order to hide this table in the UI and the text report file, please set the "Show Parameter Settings in Synthesis Report" option in "Analysis and Synthesis Settings -> More Settings" to "Off".


+--------------------------------------------------------------------+
; Parameter Settings for User Entity Instance: debounce:debounce_inc ;
+------------------+----------+--------------------------------------+
; Parameter Name   ; Value    ; Type                                 ;
+------------------+----------+--------------------------------------+
; CLK_FREQ         ; 50000000 ; Signed Integer                       ;
; DEBOUNCE_TIME_MS ; 20       ; Signed Integer                       ;
+------------------+----------+--------------------------------------+
Note: In order to hide this table in the UI and the text report file, please set the "Show Parameter Settings in Synthesis Report" option in "Analysis and Synthesis Settings -> More Settings" to "Off".


+--------------------------------------------------------------------+
; Parameter Settings for User Entity Instance: debounce:debounce_dec ;
+------------------+----------+--------------------------------------+
; Parameter Name   ; Value    ; Type                                 ;
+------------------+----------+--------------------------------------+
; CLK_FREQ         ; 50000000 ; Signed Integer                       ;
; DEBOUNCE_TIME_MS ; 20       ; Signed Integer                       ;
+------------------+----------+--------------------------------------+
Note: In order to hide this table in the UI and the text report file, please set the "Show Parameter Settings in Synthesis Report" option in "Analysis and Synthesis Settings -> More Settings" to "Off".


+------------------------------------------------------------------------+
; Parameter Settings for User Entity Instance: debounce:debounce_rst_num ;
+------------------+----------+------------------------------------------+
; Parameter Name   ; Value    ; Type                                     ;
+------------------+----------+------------------------------------------+
; CLK_FREQ         ; 50000000 ; Signed Integer                           ;
; DEBOUNCE_TIME_MS ; 20       ; Signed Integer                           ;
+------------------+----------+------------------------------------------+
Note: In order to hide this table in the UI and the text report file, please set the "Show Parameter Settings in Synthesis Report" option in "Analysis and Synthesis Settings -> More Settings" to "Off".


+----------------------------------------------------------------------------------------------------------------------+
; Port Connectivity Checks: "display_control:inst_display|bin2bcd:bcd0"                                                ;
+------------+--------+----------+-------------------------------------------------------------------------------------+
; Port       ; Type   ; Severity ; Details                                                                             ;
+------------+--------+----------+-------------------------------------------------------------------------------------+
; bin[13..7] ; Input  ; Info     ; Stuck at GND                                                                        ;
; bcd[15..8] ; Output ; Info     ; Connected to dangling logic. Logic that only feeds a dangling port will be removed. ;
+------------+--------+----------+-------------------------------------------------------------------------------------+


+----------------------------------------------------------------------------------------------------------------------+
; Port Connectivity Checks: "display_control:inst_display|bin2bcd:bcd1"                                                ;
+------------+--------+----------+-------------------------------------------------------------------------------------+
; Port       ; Type   ; Severity ; Details                                                                             ;
+------------+--------+----------+-------------------------------------------------------------------------------------+
; bin[13..7] ; Input  ; Info     ; Stuck at GND                                                                        ;
; bcd[15..8] ; Output ; Info     ; Connected to dangling logic. Logic that only feeds a dangling port will be removed. ;
+------------+--------+----------+-------------------------------------------------------------------------------------+


+----------------------------------------------------------------------------------------------------------------------+
; Port Connectivity Checks: "display_control:inst_display|bin2bcd:bcd2"                                                ;
+------------+--------+----------+-------------------------------------------------------------------------------------+
; Port       ; Type   ; Severity ; Details                                                                             ;
+------------+--------+----------+-------------------------------------------------------------------------------------+
; bin[13..6] ; Input  ; Info     ; Stuck at GND                                                                        ;
; bcd[15..8] ; Output ; Info     ; Connected to dangling logic. Logic that only feeds a dangling port will be removed. ;
+------------+--------+----------+-------------------------------------------------------------------------------------+


+----------------------------------------------------------------------------------------------------------------------+
; Port Connectivity Checks: "display_control:inst_display|bin2bcd:bcd3"                                                ;
+------------+--------+----------+-------------------------------------------------------------------------------------+
; Port       ; Type   ; Severity ; Details                                                                             ;
+------------+--------+----------+-------------------------------------------------------------------------------------+
; bin[13..5] ; Input  ; Info     ; Stuck at GND                                                                        ;
; bcd[15..8] ; Output ; Info     ; Connected to dangling logic. Logic that only feeds a dangling port will be removed. ;
+------------+--------+----------+-------------------------------------------------------------------------------------+


+------------------------------------------------------------------------+
; Port Connectivity Checks: "time_core:time_inst|counter_60:inst_second" ;
+------+-------+----------+----------------------------------------------+
; Port ; Type  ; Severity ; Details                                      ;
+------+-------+----------+----------------------------------------------+
; inc  ; Input ; Info     ; Stuck at GND                                 ;
; dec  ; Input ; Info     ; Stuck at GND                                 ;
+------+-------+----------+----------------------------------------------+


+-------------------------------+
; Elapsed Time Per Partition    ;
+----------------+--------------+
; Partition Name ; Elapsed Time ;
+----------------+--------------+
; Top            ; 00:00:00     ;
+----------------+--------------+


+-------------------------------+
; Analysis & Synthesis Messages ;
+-------------------------------+
Info: *******************************************************************
Info: Running Quartus II 64-Bit Analysis & Synthesis
    Info: Version 13.0.1 Build 232 06/12/2013 Service Pack 1 SJ Web Edition
    Info: Processing started: Tue Aug 25 12:50:17 2026
Info: Command: quartus_map --read_settings_files=on --write_settings_files=off century_clock_top -c century_clock_top
Warning (20028): Parallel compilation is not licensed and has been disabled
Info (12021): Found 1 design units, including 1 entities, in source file /edabk_verilog/century_clock/0_clock_system/tick_generator_1hz.v
    Info (12023): Found entity 1: tick_generator_1hz
Info (12021): Found 1 design units, including 1 entities, in source file /edabk_verilog/century_clock/1_input_system/edge_detecter.v
    Info (12023): Found entity 1: edge_detector
Info (12021): Found 1 design units, including 1 entities, in source file /edabk_verilog/century_clock/1_input_system/debounce.v
    Info (12023): Found entity 1: debounce
Info (12021): Found 1 design units, including 1 entities, in source file /edabk_verilog/century_clock/2_time_system/time_core.v
    Info (12023): Found entity 1: time_core
Info (12021): Found 1 design units, including 1 entities, in source file /edabk_verilog/century_clock/2_time_system/counter_60.v
    Info (12023): Found entity 1: counter_60
Info (12021): Found 1 design units, including 1 entities, in source file /edabk_verilog/century_clock/2_time_system/counter_24.v
    Info (12023): Found entity 1: counter_24
Info (12021): Found 1 design units, including 1 entities, in source file /edabk_verilog/century_clock/3_date_system/year_counter.v
    Info (12023): Found entity 1: year_counter
Info (12021): Found 1 design units, including 1 entities, in source file /edabk_verilog/century_clock/3_date_system/month_counter.v
    Info (12023): Found entity 1: month_counter
Info (12021): Found 1 design units, including 1 entities, in source file /edabk_verilog/century_clock/3_date_system/leap_year_check.v
    Info (12023): Found entity 1: leap_year_check
Info (12021): Found 1 design units, including 1 entities, in source file /edabk_verilog/century_clock/3_date_system/day_in_month.v
    Info (12023): Found entity 1: day_in_month
Info (12021): Found 1 design units, including 1 entities, in source file /edabk_verilog/century_clock/3_date_system/day_counter.v
    Info (12023): Found entity 1: day_counter
Info (12021): Found 1 design units, including 1 entities, in source file /edabk_verilog/century_clock/3_date_system/date_core.v
    Info (12023): Found entity 1: date_core
Info (12021): Found 1 design units, including 1 entities, in source file /edabk_verilog/century_clock/4_display_system/led_blink.v
    Info (12023): Found entity 1: led_blink
Info (12021): Found 1 design units, including 1 entities, in source file /edabk_verilog/century_clock/4_display_system/hex_to7seg.v
    Info (12023): Found entity 1: hex_to7seg
Info (12021): Found 1 design units, including 1 entities, in source file /edabk_verilog/century_clock/4_display_system/display_control.v
    Info (12023): Found entity 1: display_control
Info (12021): Found 1 design units, including 1 entities, in source file /edabk_verilog/century_clock/4_display_system/bin2bcd.v
    Info (12023): Found entity 1: bin2bcd
Info (12021): Found 1 design units, including 1 entities, in source file /edabk_verilog/century_clock/century_clock_top.v
    Info (12023): Found entity 1: century_clock_top
Info (12021): Found 1 design units, including 1 entities, in source file /edabk_verilog/century_clock/5_control_system/mode_control.v
    Info (12023): Found entity 1: mode_control
Info (12127): Elaborating entity "century_clock_top" for the top level hierarchy
Info (12128): Elaborating entity "tick_generator_1hz" for hierarchy "tick_generator_1hz:tick_gen"
Warning (10230): Verilog HDL assignment warning at tick_generator_1hz.v(24): truncated value with size 32 to match size of target (26)
Warning (10230): Verilog HDL assignment warning at tick_generator_1hz.v(40): truncated value with size 32 to match size of target (25)
Info (12128): Elaborating entity "debounce" for hierarchy "debounce:debounce_mode"
Warning (10230): Verilog HDL assignment warning at debounce.v(40): truncated value with size 32 to match size of target (20)
Info (12128): Elaborating entity "edge_detector" for hierarchy "edge_detector:ed_mode"
Info (12128): Elaborating entity "mode_control" for hierarchy "mode_control:mode_fsm"
Info (12128): Elaborating entity "time_core" for hierarchy "time_core:time_inst"
Info (12128): Elaborating entity "counter_60" for hierarchy "time_core:time_inst|counter_60:inst_second"
Warning (10230): Verilog HDL assignment warning at counter_60.v(22): truncated value with size 32 to match size of target (6)
Info (12128): Elaborating entity "counter_24" for hierarchy "time_core:time_inst|counter_24:inst_hour"
Warning (10230): Verilog HDL assignment warning at counter_24.v(22): truncated value with size 32 to match size of target (5)
Info (12128): Elaborating entity "date_core" for hierarchy "date_core:date_inst"
Info (12128): Elaborating entity "month_counter" for hierarchy "date_core:date_inst|month_counter:inst_month"
Warning (10230): Verilog HDL assignment warning at month_counter.v(23): truncated value with size 32 to match size of target (4)
Info (12128): Elaborating entity "year_counter" for hierarchy "date_core:date_inst|year_counter:inst_year"
Warning (10230): Verilog HDL assignment warning at year_counter.v(28): truncated value with size 32 to match size of target (7)
Warning (10230): Verilog HDL assignment warning at year_counter.v(34): truncated value with size 32 to match size of target (7)
Info (12128): Elaborating entity "leap_year_check" for hierarchy "date_core:date_inst|leap_year_check:leap_year"
Info (12128): Elaborating entity "day_in_month" for hierarchy "date_core:date_inst|day_in_month:dim"
Info (12128): Elaborating entity "day_counter" for hierarchy "date_core:date_inst|day_counter:inst_day"
Info (12128): Elaborating entity "display_control" for hierarchy "display_control:inst_display"
Info (12128): Elaborating entity "bin2bcd" for hierarchy "display_control:inst_display|bin2bcd:bcd3"
Info (12128): Elaborating entity "hex_to7seg" for hierarchy "display_control:inst_display|hex_to7seg:inst_hex7"
Info (13000): Registers with preset signals will power-up high
Info (13003): DEV_CLRn pin will set, and not reset, register with preset signal due to NOT Gate Push-Back
Info (144001): Generated suppressed messages file D:/EDABK_Verilog/century_clock/quartus/output_files/century_clock_top.map.smsg
Info (16010): Generating hard_block partition "hard_block:auto_generated_inst"
    Info (16011): Adding 0 node(s), including 0 DDIO, 0 PLL, 0 transceiver and 0 LCELL
Info (21057): Implemented 651 device resources after synthesis - the final resource count might be different
    Info (21058): Implemented 6 input pins
    Info (21059): Implemented 56 output pins
    Info (21061): Implemented 589 logic cells
Info: Quartus II 64-Bit Analysis & Synthesis was successful. 0 errors, 9 warnings
    Info: Peak virtual memory: 4591 megabytes
    Info: Processing ended: Tue Aug 25 12:50:19 2026
    Info: Elapsed time: 00:00:02
    Info: Total CPU time (on all processors): 00:00:02


+------------------------------------------+
; Analysis & Synthesis Suppressed Messages ;
+------------------------------------------+
The suppressed messages can be found in D:/EDABK_Verilog/century_clock/quartus/output_files/century_clock_top.map.smsg.


