Analysis & Synthesis report for century_clock_top
Thu Aug 27 17:00:21 2026
Quartus Prime Version 25.1std.0 Build 1129 10/21/2025 SC Lite Edition


---------------------
; Table of Contents ;
---------------------
  1. Legal Notice
  2. Analysis & Synthesis Summary
  3. Analysis & Synthesis Settings
  4. Parallel Compilation
  5. Analysis & Synthesis Source Files Read
  6. Analysis & Synthesis Resource Usage Summary
  7. Analysis & Synthesis Resource Utilization by Entity
  8. Registers Removed During Synthesis
  9. General Register Statistics
 10. Inverted Register Statistics
 11. Multiplexer Restructuring Statistics (Restructuring Performed)
 12. Parameter Settings for User Entity Instance: debounce:debounce_mode
 13. Parameter Settings for User Entity Instance: debounce:debounce_inc
 14. Parameter Settings for User Entity Instance: debounce:debounce_dec
 15. Parameter Settings for User Entity Instance: debounce:debounce_rst_num
 16. Port Connectivity Checks: "display_control:inst_display|bin2bcd:bcd0"
 17. Port Connectivity Checks: "display_control:inst_display|bin2bcd:bcd1"
 18. Port Connectivity Checks: "display_control:inst_display|bin2bcd:bcd2"
 19. Port Connectivity Checks: "display_control:inst_display|bin2bcd:bcd3"
 20. Port Connectivity Checks: "time_core:time_inst|counter_60:inst_second"
 21. Post-Synthesis Netlist Statistics for Top Partition
 22. Elapsed Time Per Partition
 23. Analysis & Synthesis Messages



----------------
; Legal Notice ;
----------------
Copyright (C) 2025  Altera Corporation. All rights reserved.
Your use of Altera Corporation's design tools, logic functions 
and other software and tools, and any partner logic 
functions, and any output files from any of the foregoing 
(including device programming or simulation files), and any 
associated documentation or information are expressly subject 
to the terms and conditions of the Altera Program License 
Subscription Agreement, the Altera Quartus Prime License Agreement,
the Altera IP License Agreement, or other applicable license
agreement, including, without limitation, that your use is for
the sole purpose of programming logic devices manufactured by
Altera and sold by Altera or its authorized distributors.  Please
refer to the Altera Software License Subscription Agreements 
on the Quartus Prime software download page.



+--------------------------------------------------------------------------------------+
; Analysis & Synthesis Summary                                                         ;
+------------------------------------+-------------------------------------------------+
; Analysis & Synthesis Status        ; Successful - Thu Aug 27 17:00:21 2026           ;
; Quartus Prime Version              ; 25.1std.0 Build 1129 10/21/2025 SC Lite Edition ;
; Revision Name                      ; century_clock_top                               ;
; Top-level Entity Name              ; century_clock_top                               ;
; Family                             ; Cyclone IV GX                                   ;
; Total logic elements               ; 588                                             ;
;     Total combinational functions  ; 576                                             ;
;     Dedicated logic registers      ; 191                                             ;
; Total registers                    ; 191                                             ;
; Total pins                         ; 62                                              ;
; Total virtual pins                 ; 0                                               ;
; Total memory bits                  ; 0                                               ;
; Embedded Multiplier 9-bit elements ; 0                                               ;
; Total GXB Receiver Channel PCS     ; 0                                               ;
; Total GXB Receiver Channel PMA     ; 0                                               ;
; Total GXB Transmitter Channel PCS  ; 0                                               ;
; Total GXB Transmitter Channel PMA  ; 0                                               ;
; Total PLLs                         ; 0                                               ;
+------------------------------------+-------------------------------------------------+


+------------------------------------------------------------------------------------------------------------+
; Analysis & Synthesis Settings                                                                              ;
+------------------------------------------------------------------+--------------------+--------------------+
; Option                                                           ; Setting            ; Default Value      ;
+------------------------------------------------------------------+--------------------+--------------------+
; Top-level entity name                                            ; century_clock_top  ; century_clock_top  ;
; Family name                                                      ; Cyclone IV GX      ; Cyclone V          ;
; Use smart compilation                                            ; Off                ; Off                ;
; Enable parallel Assembler and Timing Analyzer during compilation ; On                 ; On                 ;
; Enable compact report table                                      ; Off                ; Off                ;
; Restructure Multiplexers                                         ; Auto               ; Auto               ;
; Create Debugging Nodes for IP Cores                              ; Off                ; Off                ;
; Preserve fewer node names                                        ; On                 ; On                 ;
; Intel FPGA IP Evaluation Mode                                    ; Enable             ; Enable             ;
; Verilog Version                                                  ; Verilog_2001       ; Verilog_2001       ;
; VHDL Version                                                     ; VHDL_1993          ; VHDL_1993          ;
; State Machine Processing                                         ; Auto               ; Auto               ;
; Safe State Machine                                               ; Off                ; Off                ;
; Extract Verilog State Machines                                   ; On                 ; On                 ;
; Extract VHDL State Machines                                      ; On                 ; On                 ;
; Ignore Verilog initial constructs                                ; Off                ; Off                ;
; Iteration limit for constant Verilog loops                       ; 5000               ; 5000               ;
; Iteration limit for non-constant Verilog loops                   ; 250                ; 250                ;
; Add Pass-Through Logic to Inferred RAMs                          ; On                 ; On                 ;
; Infer RAMs from Raw Logic                                        ; On                 ; On                 ;
; Parallel Synthesis                                               ; On                 ; On                 ;
; DSP Block Balancing                                              ; Auto               ; Auto               ;
; NOT Gate Push-Back                                               ; On                 ; On                 ;
; Power-Up Don't Care                                              ; On                 ; On                 ;
; Remove Redundant Logic Cells                                     ; Off                ; Off                ;
; Remove Duplicate Registers                                       ; On                 ; On                 ;
; Ignore CARRY Buffers                                             ; Off                ; Off                ;
; Ignore CASCADE Buffers                                           ; Off                ; Off                ;
; Ignore GLOBAL Buffers                                            ; Off                ; Off                ;
; Ignore ROW GLOBAL Buffers                                        ; Off                ; Off                ;
; Ignore LCELL Buffers                                             ; Off                ; Off                ;
; Ignore SOFT Buffers                                              ; On                 ; On                 ;
; Limit AHDL Integers to 32 Bits                                   ; Off                ; Off                ;
; Optimization Technique                                           ; Balanced           ; Balanced           ;
; Carry Chain Length                                               ; 70                 ; 70                 ;
; Auto Carry Chains                                                ; On                 ; On                 ;
; Auto Open-Drain Pins                                             ; On                 ; On                 ;
; Perform WYSIWYG Primitive Resynthesis                            ; Off                ; Off                ;
; Auto ROM Replacement                                             ; On                 ; On                 ;
; Auto RAM Replacement                                             ; On                 ; On                 ;
; Auto DSP Block Replacement                                       ; On                 ; On                 ;
; Auto Shift Register Replacement                                  ; Auto               ; Auto               ;
; Allow Shift Register Merging across Hierarchies                  ; Auto               ; Auto               ;
; Auto Clock Enable Replacement                                    ; On                 ; On                 ;
; Strict RAM Replacement                                           ; Off                ; Off                ;
; Allow Synchronous Control Signals                                ; On                 ; On                 ;
; Force Use of Synchronous Clear Signals                           ; Off                ; Off                ;
; Auto RAM Block Balancing                                         ; On                 ; On                 ;
; Auto RAM to Logic Cell Conversion                                ; Off                ; Off                ;
; Auto Resource Sharing                                            ; Off                ; Off                ;
; Allow Any RAM Size For Recognition                               ; Off                ; Off                ;
; Allow Any ROM Size For Recognition                               ; Off                ; Off                ;
; Allow Any Shift Register Size For Recognition                    ; Off                ; Off                ;
; Use LogicLock Constraints during Resource Balancing              ; On                 ; On                 ;
; Ignore translate_off and synthesis_off directives                ; Off                ; Off                ;
; Timing-Driven Synthesis                                          ; On                 ; On                 ;
; Report Parameter Settings                                        ; On                 ; On                 ;
; Report Source Assignments                                        ; On                 ; On                 ;
; Report Connectivity Checks                                       ; On                 ; On                 ;
; Ignore Maximum Fan-Out Assignments                               ; Off                ; Off                ;
; Synchronization Register Chain Length                            ; 2                  ; 2                  ;
; Power Optimization During Synthesis                              ; Normal compilation ; Normal compilation ;
; HDL message level                                                ; Level2             ; Level2             ;
; Suppress Register Optimization Related Messages                  ; Off                ; Off                ;
; Number of Removed Registers Reported in Synthesis Report         ; 5000               ; 5000               ;
; Number of Swept Nodes Reported in Synthesis Report               ; 5000               ; 5000               ;
; Number of Inverted Registers Reported in Synthesis Report        ; 100                ; 100                ;
; Clock MUX Protection                                             ; On                 ; On                 ;
; Auto Gated Clock Conversion                                      ; Off                ; Off                ;
; Block Design Naming                                              ; Auto               ; Auto               ;
; SDC constraint protection                                        ; Off                ; Off                ;
; Synthesis Effort                                                 ; Auto               ; Auto               ;
; Shift Register Replacement - Allow Asynchronous Clear Signal     ; On                 ; On                 ;
; Pre-Mapping Resynthesis Optimization                             ; Off                ; Off                ;
; Analysis & Synthesis Message Level                               ; Medium             ; Medium             ;
; Disable Register Merging Across Hierarchies                      ; Auto               ; Auto               ;
; Resource Aware Inference For Block RAM                           ; On                 ; On                 ;
+------------------------------------------------------------------+--------------------+--------------------+


+------------------------------------------+
; Parallel Compilation                     ;
+----------------------------+-------------+
; Processors                 ; Number      ;
+----------------------------+-------------+
; Number detected on machine ; 16          ;
; Maximum allowed            ; 16          ;
;                            ;             ;
; Average used               ; 1.00        ;
; Maximum used               ; 16          ;
;                            ;             ;
; Usage by Processor         ; % Time Used ;
;     Processor 1            ; 100.0%      ;
;     Processors 2-16        ;   0.0%      ;
+----------------------------+-------------+


+-----------------------------------------------------------------------------------------------------------------------------------------------------------------------+
; Analysis & Synthesis Source Files Read                                                                                                                                ;
+-------------------------------------+-----------------+------------------------+----------------------------------------------------------------------------+---------+
; File Name with User-Entered Path    ; Used in Netlist ; File Type              ; File Name with Absolute Path                                               ; Library ;
+-------------------------------------+-----------------+------------------------+----------------------------------------------------------------------------+---------+
; century_clock_top.v                 ; yes             ; User Verilog HDL File  ; /home/numb/EDABK_Verilog/century_clock/century_clock_top.v                 ;         ;
; 5_control_system/mode_control.v     ; yes             ; User Verilog HDL File  ; /home/numb/EDABK_Verilog/century_clock/5_control_system/mode_control.v     ;         ;
; 4_display_system/hex_to7seg.v       ; yes             ; User Verilog HDL File  ; /home/numb/EDABK_Verilog/century_clock/4_display_system/hex_to7seg.v       ;         ;
; 4_display_system/display_control.v  ; yes             ; User Verilog HDL File  ; /home/numb/EDABK_Verilog/century_clock/4_display_system/display_control.v  ;         ;
; 4_display_system/bin2bcd.v          ; yes             ; User Verilog HDL File  ; /home/numb/EDABK_Verilog/century_clock/4_display_system/bin2bcd.v          ;         ;
; 3_date_system/year_counter.v        ; yes             ; User Verilog HDL File  ; /home/numb/EDABK_Verilog/century_clock/3_date_system/year_counter.v        ;         ;
; 3_date_system/month_counter.v       ; yes             ; User Verilog HDL File  ; /home/numb/EDABK_Verilog/century_clock/3_date_system/month_counter.v       ;         ;
; 3_date_system/leap_year_check.v     ; yes             ; User Verilog HDL File  ; /home/numb/EDABK_Verilog/century_clock/3_date_system/leap_year_check.v     ;         ;
; 3_date_system/day_in_month.v        ; yes             ; User Verilog HDL File  ; /home/numb/EDABK_Verilog/century_clock/3_date_system/day_in_month.v        ;         ;
; 3_date_system/day_counter.v         ; yes             ; User Verilog HDL File  ; /home/numb/EDABK_Verilog/century_clock/3_date_system/day_counter.v         ;         ;
; 3_date_system/date_core.v           ; yes             ; User Verilog HDL File  ; /home/numb/EDABK_Verilog/century_clock/3_date_system/date_core.v           ;         ;
; 2_time_system/time_core.v           ; yes             ; User Verilog HDL File  ; /home/numb/EDABK_Verilog/century_clock/2_time_system/time_core.v           ;         ;
; 2_time_system/counter_60.v          ; yes             ; User Verilog HDL File  ; /home/numb/EDABK_Verilog/century_clock/2_time_system/counter_60.v          ;         ;
; 2_time_system/counter_24.v          ; yes             ; User Verilog HDL File  ; /home/numb/EDABK_Verilog/century_clock/2_time_system/counter_24.v          ;         ;
; 1_input_system/edge_detecter.v      ; yes             ; User Verilog HDL File  ; /home/numb/EDABK_Verilog/century_clock/1_input_system/edge_detecter.v      ;         ;
; 1_input_system/debounce.v           ; yes             ; User Verilog HDL File  ; /home/numb/EDABK_Verilog/century_clock/1_input_system/debounce.v           ;         ;
; 0_clock_system/tick_generator_1hz.v ; yes             ; User Verilog HDL File  ; /home/numb/EDABK_Verilog/century_clock/0_clock_system/tick_generator_1hz.v ;         ;
+-------------------------------------+-----------------+------------------------+----------------------------------------------------------------------------+---------+


+---------------------------------------------+
; Analysis & Synthesis Resource Usage Summary ;
+--------------------------+------------------+
; Resource                 ; Usage            ;
+--------------------------+------------------+
; I/O pins                 ; 62               ;
;                          ;                  ;
; DSP block 9-bit elements ; 0                ;
;                          ;                  ;
; Maximum fan-out node     ; clk_50M~input    ;
; Maximum fan-out          ; 191              ;
; Total fan-out            ; 2508             ;
; Average fan-out          ; 2.81             ;
+--------------------------+------------------+


+-------------------------------------------------------------------------------------------------------------------------------------------------------------------------------------------------------------------------------------------------------------------------------------+
; Analysis & Synthesis Resource Utilization by Entity                                                                                                                                                                                                                                 ;
+-----------------------------------+---------------------+---------------------------+-------------+--------------+---------+-----------+-----------+------+--------------+----------------------------------------------------------------------+--------------------+--------------+
; Compilation Hierarchy Node        ; Combinational ALUTs ; Dedicated Logic Registers ; Memory Bits ; DSP Elements ; DSP 9x9 ; DSP 18x18 ; DSP 36x36 ; Pins ; Virtual Pins ; Full Hierarchy Name                                                  ; Entity Name        ; Library Name ;
+-----------------------------------+---------------------+---------------------------+-------------+--------------+---------+-----------+-----------+------+--------------+----------------------------------------------------------------------+--------------------+--------------+
; |century_clock_top                ; 576 (1)             ; 191 (0)                   ; 0           ; 0            ; 0       ; 0         ; 0         ; 62   ; 0            ; |century_clock_top                                                   ; century_clock_top  ; work         ;
;    |date_core:date_inst|          ; 119 (1)             ; 23 (0)                    ; 0           ; 0            ; 0       ; 0         ; 0         ; 0    ; 0            ; |century_clock_top|date_core:date_inst                               ; date_core          ; work         ;
;       |day_counter:inst_day|      ; 30 (30)             ; 5 (5)                     ; 0           ; 0            ; 0       ; 0         ; 0         ; 0    ; 0            ; |century_clock_top|date_core:date_inst|day_counter:inst_day          ; day_counter        ; work         ;
;       |day_in_month:dim|          ; 5 (5)               ; 0 (0)                     ; 0           ; 0            ; 0       ; 0         ; 0         ; 0    ; 0            ; |century_clock_top|date_core:date_inst|day_in_month:dim              ; day_in_month       ; work         ;
;       |leap_year_check:leap_year| ; 2 (2)               ; 0 (0)                     ; 0           ; 0            ; 0       ; 0         ; 0         ; 0    ; 0            ; |century_clock_top|date_core:date_inst|leap_year_check:leap_year     ; leap_year_check    ; work         ;
;       |month_counter:inst_month|  ; 15 (15)             ; 4 (4)                     ; 0           ; 0            ; 0       ; 0         ; 0         ; 0    ; 0            ; |century_clock_top|date_core:date_inst|month_counter:inst_month      ; month_counter      ; work         ;
;       |year_counter:inst_year|    ; 66 (66)             ; 14 (14)                   ; 0           ; 0            ; 0       ; 0         ; 0         ; 0    ; 0            ; |century_clock_top|date_core:date_inst|year_counter:inst_year        ; year_counter       ; work         ;
;    |debounce:debounce_dec|        ; 26 (26)             ; 23 (23)                   ; 0           ; 0            ; 0       ; 0         ; 0         ; 0    ; 0            ; |century_clock_top|debounce:debounce_dec                             ; debounce           ; work         ;
;    |debounce:debounce_inc|        ; 26 (26)             ; 23 (23)                   ; 0           ; 0            ; 0       ; 0         ; 0         ; 0    ; 0            ; |century_clock_top|debounce:debounce_inc                             ; debounce           ; work         ;
;    |debounce:debounce_mode|       ; 26 (26)             ; 23 (23)                   ; 0           ; 0            ; 0       ; 0         ; 0         ; 0    ; 0            ; |century_clock_top|debounce:debounce_mode                            ; debounce           ; work         ;
;    |debounce:debounce_rst_num|    ; 26 (26)             ; 23 (23)                   ; 0           ; 0            ; 0       ; 0         ; 0         ; 0    ; 0            ; |century_clock_top|debounce:debounce_rst_num                         ; debounce           ; work         ;
;    |display_control:inst_display| ; 185 (26)            ; 1 (1)                     ; 0           ; 0            ; 0       ; 0         ; 0         ; 0    ; 0            ; |century_clock_top|display_control:inst_display                      ; display_control    ; work         ;
;       |bin2bcd:bcd0|              ; 17 (17)             ; 0 (0)                     ; 0           ; 0            ; 0       ; 0         ; 0         ; 0    ; 0            ; |century_clock_top|display_control:inst_display|bin2bcd:bcd0         ; bin2bcd            ; work         ;
;       |bin2bcd:bcd1|              ; 24 (24)             ; 0 (0)                     ; 0           ; 0            ; 0       ; 0         ; 0         ; 0    ; 0            ; |century_clock_top|display_control:inst_display|bin2bcd:bcd1         ; bin2bcd            ; work         ;
;       |bin2bcd:bcd2|              ; 14 (14)             ; 0 (0)                     ; 0           ; 0            ; 0       ; 0         ; 0         ; 0    ; 0            ; |century_clock_top|display_control:inst_display|bin2bcd:bcd2         ; bin2bcd            ; work         ;
;       |bin2bcd:bcd3|              ; 11 (11)             ; 0 (0)                     ; 0           ; 0            ; 0       ; 0         ; 0         ; 0    ; 0            ; |century_clock_top|display_control:inst_display|bin2bcd:bcd3         ; bin2bcd            ; work         ;
;       |hex_to7seg:inst_hex0|      ; 14 (14)             ; 0 (0)                     ; 0           ; 0            ; 0       ; 0         ; 0         ; 0    ; 0            ; |century_clock_top|display_control:inst_display|hex_to7seg:inst_hex0 ; hex_to7seg         ; work         ;
;       |hex_to7seg:inst_hex1|      ; 12 (12)             ; 0 (0)                     ; 0           ; 0            ; 0       ; 0         ; 0         ; 0    ; 0            ; |century_clock_top|display_control:inst_display|hex_to7seg:inst_hex1 ; hex_to7seg         ; work         ;
;       |hex_to7seg:inst_hex2|      ; 14 (14)             ; 0 (0)                     ; 0           ; 0            ; 0       ; 0         ; 0         ; 0    ; 0            ; |century_clock_top|display_control:inst_display|hex_to7seg:inst_hex2 ; hex_to7seg         ; work         ;
;       |hex_to7seg:inst_hex3|      ; 12 (12)             ; 0 (0)                     ; 0           ; 0            ; 0       ; 0         ; 0         ; 0    ; 0            ; |century_clock_top|display_control:inst_display|hex_to7seg:inst_hex3 ; hex_to7seg         ; work         ;
;       |hex_to7seg:inst_hex4|      ; 14 (14)             ; 0 (0)                     ; 0           ; 0            ; 0       ; 0         ; 0         ; 0    ; 0            ; |century_clock_top|display_control:inst_display|hex_to7seg:inst_hex4 ; hex_to7seg         ; work         ;
;       |hex_to7seg:inst_hex5|      ; 7 (7)               ; 0 (0)                     ; 0           ; 0            ; 0       ; 0         ; 0         ; 0    ; 0            ; |century_clock_top|display_control:inst_display|hex_to7seg:inst_hex5 ; hex_to7seg         ; work         ;
;       |hex_to7seg:inst_hex6|      ; 14 (14)             ; 0 (0)                     ; 0           ; 0            ; 0       ; 0         ; 0         ; 0    ; 0            ; |century_clock_top|display_control:inst_display|hex_to7seg:inst_hex6 ; hex_to7seg         ; work         ;
;       |hex_to7seg:inst_hex7|      ; 6 (6)               ; 0 (0)                     ; 0           ; 0            ; 0       ; 0         ; 0         ; 0    ; 0            ; |century_clock_top|display_control:inst_display|hex_to7seg:inst_hex7 ; hex_to7seg         ; work         ;
;    |edge_detector:ed_dec|         ; 1 (1)               ; 1 (1)                     ; 0           ; 0            ; 0       ; 0         ; 0         ; 0    ; 0            ; |century_clock_top|edge_detector:ed_dec                              ; edge_detector      ; work         ;
;    |edge_detector:ed_inc|         ; 1 (1)               ; 1 (1)                     ; 0           ; 0            ; 0       ; 0         ; 0         ; 0    ; 0            ; |century_clock_top|edge_detector:ed_inc                              ; edge_detector      ; work         ;
;    |edge_detector:ed_mode|        ; 0 (0)               ; 1 (1)                     ; 0           ; 0            ; 0       ; 0         ; 0         ; 0    ; 0            ; |century_clock_top|edge_detector:ed_mode                             ; edge_detector      ; work         ;
;    |edge_detector:ed_rst_num|     ; 1 (1)               ; 1 (1)                     ; 0           ; 0            ; 0       ; 0         ; 0         ; 0    ; 0            ; |century_clock_top|edge_detector:ed_rst_num                          ; edge_detector      ; work         ;
;    |mode_control:mode_fsm|        ; 9 (9)               ; 3 (3)                     ; 0           ; 0            ; 0       ; 0         ; 0         ; 0    ; 0            ; |century_clock_top|mode_control:mode_fsm                             ; mode_control       ; work         ;
;    |tick_generator_1hz:tick_gen|  ; 92 (92)             ; 51 (51)                   ; 0           ; 0            ; 0       ; 0         ; 0         ; 0    ; 0            ; |century_clock_top|tick_generator_1hz:tick_gen                       ; tick_generator_1hz ; work         ;
;    |time_core:time_inst|          ; 63 (0)              ; 17 (0)                    ; 0           ; 0            ; 0       ; 0         ; 0         ; 0    ; 0            ; |century_clock_top|time_core:time_inst                               ; time_core          ; work         ;
;       |counter_24:inst_hour|      ; 26 (26)             ; 5 (5)                     ; 0           ; 0            ; 0       ; 0         ; 0         ; 0    ; 0            ; |century_clock_top|time_core:time_inst|counter_24:inst_hour          ; counter_24         ; work         ;
;       |counter_60:inst_minute|    ; 26 (26)             ; 6 (6)                     ; 0           ; 0            ; 0       ; 0         ; 0         ; 0    ; 0            ; |century_clock_top|time_core:time_inst|counter_60:inst_minute        ; counter_60         ; work         ;
;       |counter_60:inst_second|    ; 11 (11)             ; 6 (6)                     ; 0           ; 0            ; 0       ; 0         ; 0         ; 0    ; 0            ; |century_clock_top|time_core:time_inst|counter_60:inst_second        ; counter_60         ; work         ;
+-----------------------------------+---------------------+---------------------------+-------------+--------------+---------+-----------+-----------+------+--------------+----------------------------------------------------------------------+--------------------+--------------+
Note: For table entries with two numbers listed, the numbers in parentheses indicate the number of resources of the given type used by the specific entity alone. The numbers listed outside of parentheses indicate the total resources of the given type used by the specific entity and all of its sub-entities in the hierarchy.


+---------------------------------------------------------------------------------------------------------+
; Registers Removed During Synthesis                                                                      ;
+----------------------------------------------+----------------------------------------------------------+
; Register name                                ; Reason for Removal                                       ;
+----------------------------------------------+----------------------------------------------------------+
; tick_generator_1hz:tick_gen|counter_value[0] ; Merged with tick_generator_1hz:tick_gen|blink_counter[0] ;
; tick_generator_1hz:tick_gen|counter_value[1] ; Merged with tick_generator_1hz:tick_gen|blink_counter[1] ;
; Total Number of Removed Registers = 2        ;                                                          ;
+----------------------------------------------+----------------------------------------------------------+


+------------------------------------------------------+
; General Register Statistics                          ;
+----------------------------------------------+-------+
; Statistic                                    ; Value ;
+----------------------------------------------+-------+
; Total registers                              ; 191   ;
; Number of registers using Synchronous Clear  ; 89    ;
; Number of registers using Synchronous Load   ; 18    ;
; Number of registers using Asynchronous Clear ; 191   ;
; Number of registers using Asynchronous Load  ; 0     ;
; Number of registers using Clock Enable       ; 39    ;
; Number of registers using Preset             ; 0     ;
+----------------------------------------------+-------+


+-----------------------------------------------------------------+
; Inverted Register Statistics                                    ;
+-------------------------------------------------------+---------+
; Inverted Register                                     ; Fan out ;
+-------------------------------------------------------+---------+
; date_core:date_inst|year_counter:inst_year|century[4] ; 9       ;
; date_core:date_inst|year_counter:inst_year|century[2] ; 6       ;
; date_core:date_inst|day_counter:inst_day|day[0]       ; 5       ;
; date_core:date_inst|month_counter:inst_month|month[0] ; 8       ;
; Total number of inverted registers = 4                ;         ;
+-------------------------------------------------------+---------+


+----------------------------------------------------------------------------------------------------------------------------------------------------------------------------------------+
; Multiplexer Restructuring Statistics (Restructuring Performed)                                                                                                                         ;
+--------------------+-----------+---------------+----------------------+------------------------+------------+--------------------------------------------------------------------------+
; Multiplexer Inputs ; Bus Width ; Baseline Area ; Area if Restructured ; Saving if Restructured ; Registered ; Example Multiplexer Output                                               ;
+--------------------+-----------+---------------+----------------------+------------------------+------------+--------------------------------------------------------------------------+
; 3:1                ; 20 bits   ; 40 LEs        ; 20 LEs               ; 20 LEs                 ; Yes        ; |century_clock_top|debounce:debounce_dec|counter[2]                      ;
; 3:1                ; 20 bits   ; 40 LEs        ; 20 LEs               ; 20 LEs                 ; Yes        ; |century_clock_top|debounce:debounce_inc|counter[4]                      ;
; 3:1                ; 20 bits   ; 40 LEs        ; 20 LEs               ; 20 LEs                 ; Yes        ; |century_clock_top|debounce:debounce_rst_num|counter[14]                 ;
; 3:1                ; 20 bits   ; 40 LEs        ; 20 LEs               ; 20 LEs                 ; Yes        ; |century_clock_top|debounce:debounce_mode|counter[19]                    ;
; 4:1                ; 6 bits    ; 12 LEs        ; 6 LEs                ; 6 LEs                  ; Yes        ; |century_clock_top|time_core:time_inst|counter_60:inst_second|val[5]     ;
; 7:1                ; 5 bits    ; 20 LEs        ; 15 LEs               ; 5 LEs                  ; Yes        ; |century_clock_top|time_core:time_inst|counter_24:inst_hour|hour[2]      ;
; 7:1                ; 6 bits    ; 24 LEs        ; 18 LEs               ; 6 LEs                  ; Yes        ; |century_clock_top|time_core:time_inst|counter_60:inst_minute|val[4]     ;
; 7:1                ; 3 bits    ; 12 LEs        ; 6 LEs                ; 6 LEs                  ; Yes        ; |century_clock_top|date_core:date_inst|month_counter:inst_month|month[1] ;
; 7:1                ; 3 bits    ; 12 LEs        ; 9 LEs                ; 3 LEs                  ; Yes        ; |century_clock_top|date_core:date_inst|day_counter:inst_day|day[2]       ;
; 8:1                ; 7 bits    ; 35 LEs        ; 28 LEs               ; 7 LEs                  ; Yes        ; |century_clock_top|date_core:date_inst|year_counter:inst_year|year[6]    ;
; 10:1               ; 5 bits    ; 30 LEs        ; 20 LEs               ; 10 LEs                 ; Yes        ; |century_clock_top|date_core:date_inst|year_counter:inst_year|century[0] ;
; 10:1               ; 2 bits    ; 12 LEs        ; 4 LEs                ; 8 LEs                  ; Yes        ; |century_clock_top|date_core:date_inst|year_counter:inst_year|century[4] ;
+--------------------+-----------+---------------+----------------------+------------------------+------------+--------------------------------------------------------------------------+


+---------------------------------------------------------------------+
; Parameter Settings for User Entity Instance: debounce:debounce_mode ;
+------------------+----------+---------------------------------------+
; Parameter Name   ; Value    ; Type                                  ;
+------------------+----------+---------------------------------------+
; CLK_FREQ         ; 50000000 ; Signed Integer                        ;
; DEBOUNCE_TIME_MS ; 20       ; Signed Integer                        ;
+------------------+----------+---------------------------------------+
Note: In order to hide this table in the UI and the text report file, please set the "Show Parameter Settings in Synthesis Report" option in "Analysis and Synthesis Settings -> More Settings" to "Off".


+--------------------------------------------------------------------+
; Parameter Settings for User Entity Instance: debounce:debounce_inc ;
+------------------+----------+--------------------------------------+
; Parameter Name   ; Value    ; Type                                 ;
+------------------+----------+--------------------------------------+
; CLK_FREQ         ; 50000000 ; Signed Integer                       ;
; DEBOUNCE_TIME_MS ; 20       ; Signed Integer                       ;
+------------------+----------+--------------------------------------+
Note: In order to hide this table in the UI and the text report file, please set the "Show Parameter Settings in Synthesis Report" option in "Analysis and Synthesis Settings -> More Settings" to "Off".


+--------------------------------------------------------------------+
; Parameter Settings for User Entity Instance: debounce:debounce_dec ;
+------------------+----------+--------------------------------------+
; Parameter Name   ; Value    ; Type                                 ;
+------------------+----------+--------------------------------------+
; CLK_FREQ         ; 50000000 ; Signed Integer                       ;
; DEBOUNCE_TIME_MS ; 20       ; Signed Integer                       ;
+------------------+----------+--------------------------------------+
Note: In order to hide this table in the UI and the text report file, please set the "Show Parameter Settings in Synthesis Report" option in "Analysis and Synthesis Settings -> More Settings" to "Off".


+------------------------------------------------------------------------+
; Parameter Settings for User Entity Instance: debounce:debounce_rst_num ;
+------------------+----------+------------------------------------------+
; Parameter Name   ; Value    ; Type                                     ;
+------------------+----------+------------------------------------------+
; CLK_FREQ         ; 50000000 ; Signed Integer                           ;
; DEBOUNCE_TIME_MS ; 20       ; Signed Integer                           ;
+------------------+----------+------------------------------------------+
Note: In order to hide this table in the UI and the text report file, please set the "Show Parameter Settings in Synthesis Report" option in "Analysis and Synthesis Settings -> More Settings" to "Off".


+----------------------------------------------------------------------------------------------------------------------+
; Port Connectivity Checks: "display_control:inst_display|bin2bcd:bcd0"                                                ;
+------------+--------+----------+-------------------------------------------------------------------------------------+
; Port       ; Type   ; Severity ; Details                                                                             ;
+------------+--------+----------+-------------------------------------------------------------------------------------+
; bin[13..7] ; Input  ; Info     ; Stuck at GND                                                                        ;
; bcd[15..8] ; Output ; Info     ; Connected to dangling logic. Logic that only feeds a dangling port will be removed. ;
+------------+--------+----------+-------------------------------------------------------------------------------------+


+----------------------------------------------------------------------------------------------------------------------+
; Port Connectivity Checks: "display_control:inst_display|bin2bcd:bcd1"                                                ;
+------------+--------+----------+-------------------------------------------------------------------------------------+
; Port       ; Type   ; Severity ; Details                                                                             ;
+------------+--------+----------+-------------------------------------------------------------------------------------+
; bin[13..7] ; Input  ; Info     ; Stuck at GND                                                                        ;
; bcd[15..8] ; Output ; Info     ; Connected to dangling logic. Logic that only feeds a dangling port will be removed. ;
+------------+--------+----------+-------------------------------------------------------------------------------------+


+----------------------------------------------------------------------------------------------------------------------+
; Port Connectivity Checks: "display_control:inst_display|bin2bcd:bcd2"                                                ;
+------------+--------+----------+-------------------------------------------------------------------------------------+
; Port       ; Type   ; Severity ; Details                                                                             ;
+------------+--------+----------+-------------------------------------------------------------------------------------+
; bin[13..6] ; Input  ; Info     ; Stuck at GND                                                                        ;
; bcd[15..8] ; Output ; Info     ; Connected to dangling logic. Logic that only feeds a dangling port will be removed. ;
+------------+--------+----------+-------------------------------------------------------------------------------------+


+----------------------------------------------------------------------------------------------------------------------+
; Port Connectivity Checks: "display_control:inst_display|bin2bcd:bcd3"                                                ;
+------------+--------+----------+-------------------------------------------------------------------------------------+
; Port       ; Type   ; Severity ; Details                                                                             ;
+------------+--------+----------+-------------------------------------------------------------------------------------+
; bin[13..5] ; Input  ; Info     ; Stuck at GND                                                                        ;
; bcd[15..8] ; Output ; Info     ; Connected to dangling logic. Logic that only feeds a dangling port will be removed. ;
+------------+--------+----------+-------------------------------------------------------------------------------------+


+------------------------------------------------------------------------+
; Port Connectivity Checks: "time_core:time_inst|counter_60:inst_second" ;
+------+-------+----------+----------------------------------------------+
; Port ; Type  ; Severity ; Details                                      ;
+------+-------+----------+----------------------------------------------+
; inc  ; Input ; Info     ; Stuck at GND                                 ;
; dec  ; Input ; Info     ; Stuck at GND                                 ;
+------+-------+----------+----------------------------------------------+


+-----------------------------------------------------+
; Post-Synthesis Netlist Statistics for Top Partition ;
+-----------------------+-----------------------------+
; Type                  ; Count                       ;
+-----------------------+-----------------------------+
; boundary_port         ; 62                          ;
; cycloneiii_ff         ; 191                         ;
;     CLR               ; 72                          ;
;     CLR SCLR          ; 80                          ;
;     ENA CLR           ; 15                          ;
;     ENA CLR SCLR      ; 6                           ;
;     ENA CLR SCLR SLD  ; 3                           ;
;     ENA CLR SLD       ; 15                          ;
; cycloneiii_lcell_comb ; 588                         ;
;     arith             ; 182                         ;
;         2 data inputs ; 179                         ;
;         3 data inputs ; 3                           ;
;     normal            ; 406                         ;
;         0 data inputs ; 1                           ;
;         1 data inputs ; 29                          ;
;         2 data inputs ; 84                          ;
;         3 data inputs ; 67                          ;
;         4 data inputs ; 225                         ;
;                       ;                             ;
; Max LUT depth         ; 8.00                        ;
; Average LUT depth     ; 4.10                        ;
+-----------------------+-----------------------------+


+-------------------------------+
; Elapsed Time Per Partition    ;
+----------------+--------------+
; Partition Name ; Elapsed Time ;
+----------------+--------------+
; Top            ; 00:00:01     ;
+----------------+--------------+


+-------------------------------+
; Analysis & Synthesis Messages ;
+-------------------------------+
Info: *******************************************************************
Info: Running Quartus Prime Analysis & Synthesis
    Info: Version 25.1std.0 Build 1129 10/21/2025 SC Lite Edition
    Info: Processing started: Thu Aug 27 17:00:15 2026
Info: Command: quartus_map --read_settings_files=on --write_settings_files=off century_clock_top -c century_clock_top
Warning (18236): Number of processors has not been specified which may cause overloading on shared machines.  Set the global assignment NUM_PARALLEL_PROCESSORS in your QSF to an appropriate value for best performance.
Info (20030): Parallel compilation is enabled and will use 16 of the 16 processors detected
Info (12021): Found 1 design units, including 1 entities, in source file century_clock_top.v
    Info (12023): Found entity 1: century_clock_top File: /home/numb/EDABK_Verilog/century_clock/century_clock_top.v Line: 1
Info (12021): Found 1 design units, including 1 entities, in source file 5_control_system/mode_control.v
    Info (12023): Found entity 1: mode_control File: /home/numb/EDABK_Verilog/century_clock/5_control_system/mode_control.v Line: 1
Info (12021): Found 1 design units, including 1 entities, in source file 4_display_system/led_blink.v
    Info (12023): Found entity 1: led_blink File: /home/numb/EDABK_Verilog/century_clock/4_display_system/led_blink.v Line: 1
Info (12021): Found 1 design units, including 1 entities, in source file 4_display_system/hex_to7seg.v
    Info (12023): Found entity 1: hex_to7seg File: /home/numb/EDABK_Verilog/century_clock/4_display_system/hex_to7seg.v Line: 1
Info (12021): Found 1 design units, including 1 entities, in source file 4_display_system/display_control.v
    Info (12023): Found entity 1: display_control File: /home/numb/EDABK_Verilog/century_clock/4_display_system/display_control.v Line: 1
Info (12021): Found 1 design units, including 1 entities, in source file 4_display_system/bin2bcd.v
    Info (12023): Found entity 1: bin2bcd File: /home/numb/EDABK_Verilog/century_clock/4_display_system/bin2bcd.v Line: 1
Info (12021): Found 1 design units, including 1 entities, in source file 3_date_system/year_counter.v
    Info (12023): Found entity 1: year_counter File: /home/numb/EDABK_Verilog/century_clock/3_date_system/year_counter.v Line: 1
Info (12021): Found 1 design units, including 1 entities, in source file 3_date_system/month_counter.v
    Info (12023): Found entity 1: month_counter File: /home/numb/EDABK_Verilog/century_clock/3_date_system/month_counter.v Line: 2
Info (12021): Found 1 design units, including 1 entities, in source file 3_date_system/leap_year_check.v
    Info (12023): Found entity 1: leap_year_check File: /home/numb/EDABK_Verilog/century_clock/3_date_system/leap_year_check.v Line: 1
Info (12021): Found 1 design units, including 1 entities, in source file 3_date_system/day_in_month.v
    Info (12023): Found entity 1: day_in_month File: /home/numb/EDABK_Verilog/century_clock/3_date_system/day_in_month.v Line: 1
Info (12021): Found 1 design units, including 1 entities, in source file 3_date_system/day_counter.v
    Info (12023): Found entity 1: day_counter File: /home/numb/EDABK_Verilog/century_clock/3_date_system/day_counter.v Line: 1
Info (12021): Found 1 design units, including 1 entities, in source file 3_date_system/date_core.v
    Info (12023): Found entity 1: date_core File: /home/numb/EDABK_Verilog/century_clock/3_date_system/date_core.v Line: 3
Info (12021): Found 1 design units, including 1 entities, in source file 2_time_system/time_core.v
    Info (12023): Found entity 1: time_core File: /home/numb/EDABK_Verilog/century_clock/2_time_system/time_core.v Line: 3
Info (12021): Found 1 design units, including 1 entities, in source file 2_time_system/counter_60.v
    Info (12023): Found entity 1: counter_60 File: /home/numb/EDABK_Verilog/century_clock/2_time_system/counter_60.v Line: 2
Info (12021): Found 1 design units, including 1 entities, in source file 2_time_system/counter_24.v
    Info (12023): Found entity 1: counter_24 File: /home/numb/EDABK_Verilog/century_clock/2_time_system/counter_24.v Line: 2
Info (12021): Found 1 design units, including 1 entities, in source file 1_input_system/edge_detecter.v
    Info (12023): Found entity 1: edge_detector File: /home/numb/EDABK_Verilog/century_clock/1_input_system/edge_detecter.v Line: 2
Info (12021): Found 1 design units, including 1 entities, in source file 1_input_system/debounce.v
    Info (12023): Found entity 1: debounce File: /home/numb/EDABK_Verilog/century_clock/1_input_system/debounce.v Line: 2
Info (12021): Found 1 design units, including 1 entities, in source file 0_clock_system/tick_generator_1hz.v
    Info (12023): Found entity 1: tick_generator_1hz File: /home/numb/EDABK_Verilog/century_clock/0_clock_system/tick_generator_1hz.v Line: 1
Info (12127): Elaborating entity "century_clock_top" for the top level hierarchy
Info (12128): Elaborating entity "tick_generator_1hz" for hierarchy "tick_generator_1hz:tick_gen" File: /home/numb/EDABK_Verilog/century_clock/century_clock_top.v Line: 39
Warning (10230): Verilog HDL assignment warning at tick_generator_1hz.v(24): truncated value with size 32 to match size of target (26) File: /home/numb/EDABK_Verilog/century_clock/0_clock_system/tick_generator_1hz.v Line: 24
Warning (10230): Verilog HDL assignment warning at tick_generator_1hz.v(40): truncated value with size 32 to match size of target (25) File: /home/numb/EDABK_Verilog/century_clock/0_clock_system/tick_generator_1hz.v Line: 40
Info (12128): Elaborating entity "debounce" for hierarchy "debounce:debounce_mode" File: /home/numb/EDABK_Verilog/century_clock/century_clock_top.v Line: 51
Warning (10230): Verilog HDL assignment warning at debounce.v(40): truncated value with size 32 to match size of target (20) File: /home/numb/EDABK_Verilog/century_clock/1_input_system/debounce.v Line: 40
Info (12128): Elaborating entity "edge_detector" for hierarchy "edge_detector:ed_mode" File: /home/numb/EDABK_Verilog/century_clock/century_clock_top.v Line: 57
Info (12128): Elaborating entity "mode_control" for hierarchy "mode_control:mode_fsm" File: /home/numb/EDABK_Verilog/century_clock/century_clock_top.v Line: 117
Info (12128): Elaborating entity "time_core" for hierarchy "time_core:time_inst" File: /home/numb/EDABK_Verilog/century_clock/century_clock_top.v Line: 135
Info (12128): Elaborating entity "counter_60" for hierarchy "time_core:time_inst|counter_60:inst_second" File: /home/numb/EDABK_Verilog/century_clock/2_time_system/time_core.v Line: 39
Warning (10230): Verilog HDL assignment warning at counter_60.v(22): truncated value with size 32 to match size of target (6) File: /home/numb/EDABK_Verilog/century_clock/2_time_system/counter_60.v Line: 22
Info (12128): Elaborating entity "counter_24" for hierarchy "time_core:time_inst|counter_24:inst_hour" File: /home/numb/EDABK_Verilog/century_clock/2_time_system/time_core.v Line: 65
Warning (10230): Verilog HDL assignment warning at counter_24.v(22): truncated value with size 32 to match size of target (5) File: /home/numb/EDABK_Verilog/century_clock/2_time_system/counter_24.v Line: 22
Info (12128): Elaborating entity "date_core" for hierarchy "date_core:date_inst" File: /home/numb/EDABK_Verilog/century_clock/century_clock_top.v Line: 153
Info (12128): Elaborating entity "month_counter" for hierarchy "date_core:date_inst|month_counter:inst_month" File: /home/numb/EDABK_Verilog/century_clock/3_date_system/date_core.v Line: 40
Warning (10230): Verilog HDL assignment warning at month_counter.v(23): truncated value with size 32 to match size of target (4) File: /home/numb/EDABK_Verilog/century_clock/3_date_system/month_counter.v Line: 23
Info (12128): Elaborating entity "year_counter" for hierarchy "date_core:date_inst|year_counter:inst_year" File: /home/numb/EDABK_Verilog/century_clock/3_date_system/date_core.v Line: 55
Warning (10230): Verilog HDL assignment warning at year_counter.v(28): truncated value with size 32 to match size of target (7) File: /home/numb/EDABK_Verilog/century_clock/3_date_system/year_counter.v Line: 28
Warning (10230): Verilog HDL assignment warning at year_counter.v(34): truncated value with size 32 to match size of target (7) File: /home/numb/EDABK_Verilog/century_clock/3_date_system/year_counter.v Line: 34
Info (12128): Elaborating entity "leap_year_check" for hierarchy "date_core:date_inst|leap_year_check:leap_year" File: /home/numb/EDABK_Verilog/century_clock/3_date_system/date_core.v Line: 62
Info (12128): Elaborating entity "day_in_month" for hierarchy "date_core:date_inst|day_in_month:dim" File: /home/numb/EDABK_Verilog/century_clock/3_date_system/date_core.v Line: 69
Info (12128): Elaborating entity "day_counter" for hierarchy "date_core:date_inst|day_counter:inst_day" File: /home/numb/EDABK_Verilog/century_clock/3_date_system/date_core.v Line: 83
Info (12128): Elaborating entity "display_control" for hierarchy "display_control:inst_display" File: /home/numb/EDABK_Verilog/century_clock/century_clock_top.v Line: 184
Info (12128): Elaborating entity "bin2bcd" for hierarchy "display_control:inst_display|bin2bcd:bcd3" File: /home/numb/EDABK_Verilog/century_clock/4_display_system/display_control.v Line: 68
Info (12128): Elaborating entity "hex_to7seg" for hierarchy "display_control:inst_display|hex_to7seg:inst_hex7" File: /home/numb/EDABK_Verilog/century_clock/4_display_system/display_control.v Line: 91
Info (13000): Registers with preset signals will power-up high File: /home/numb/EDABK_Verilog/century_clock/3_date_system/day_counter.v Line: 18
Info (13003): DEV_CLRn pin will set, and not reset, register with preset signal due to NOT Gate Push-Back
Info (286030): Timing-Driven Synthesis is running
Info (16010): Generating hard_block partition "hard_block:auto_generated_inst"
    Info (16011): Adding 0 node(s), including 0 DDIO, 0 PLL, 0 transceiver and 0 LCELL
Info (21057): Implemented 651 device resources after synthesis - the final resource count might be different
    Info (21058): Implemented 6 input pins
    Info (21059): Implemented 56 output pins
    Info (21061): Implemented 589 logic cells
Info: Quartus Prime Analysis & Synthesis was successful. 0 errors, 9 warnings
    Info: Peak virtual memory: 549 megabytes
    Info: Processing ended: Thu Aug 27 17:00:21 2026
    Info: Elapsed time: 00:00:06
    Info: Total CPU time (on all processors): 00:00:14


